make -C ../src clean
make[1]: Entering directory '/home/student/Desktop/so-tema3/assignment-parallel-graph/src'
rm -f serial.o os_graph.o ../utils/log/log.o parallel.o os_graph.o os_threadpool.o ../utils/log/log.o
rm -f serial parallel
rm -f *~
make[1]: Leaving directory '/home/student/Desktop/so-tema3/assignment-parallel-graph/src'
rm -f *~
make -i SRC_PATH=../src
make[1]: Entering directory '/home/student/Desktop/so-tema3/assignment-parallel-graph/tests'
make -C ../src UTILS_PATH=/home/student/Desktop/so-tema3/assignment-parallel-graph/utils
make[2]: Entering directory '/home/student/Desktop/so-tema3/assignment-parallel-graph/src'
cc -Wall -Wextra -g -O0 -I/home/student/Desktop/so-tema3/assignment-parallel-graph/utils  -c -o serial.o serial.c
cc -Wall -Wextra -g -O0 -I/home/student/Desktop/so-tema3/assignment-parallel-graph/utils  -c -o os_graph.o os_graph.c
cc -I/home/student/Desktop/so-tema3/assignment-parallel-graph/utils -Wall -Wextra -g -O0 -c -o /home/student/Desktop/so-tema3/assignment-parallel-graph/utils/log/log.o /home/student/Desktop/so-tema3/assignment-parallel-graph/utils/log/log.c
cc -o serial serial.o os_graph.o /home/student/Desktop/so-tema3/assignment-parallel-graph/utils/log/log.o
cc -Wall -Wextra -g -O0 -I/home/student/Desktop/so-tema3/assignment-parallel-graph/utils  -c -o parallel.o parallel.c
cc -Wall -Wextra -g -O0 -I/home/student/Desktop/so-tema3/assignment-parallel-graph/utils  -c -o os_threadpool.o os_threadpool.c
cc -o parallel parallel.o os_graph.o os_threadpool.o /home/student/Desktop/so-tema3/assignment-parallel-graph/utils/log/log.o -lpthread
make[2]: Leaving directory '/home/student/Desktop/so-tema3/assignment-parallel-graph/src'
make[1]: Leaving directory '/home/student/Desktop/so-tema3/assignment-parallel-graph/tests'
SRC_PATH=../src python checker.py
test1.in                         ....................... passed ...   4.5
test2.in                         ....................... passed ...   4.5
test3.in                         ....................... passed ...   4.5
test4.in                         ....................... passed ...   4.5
test5.in                         ....................... passed ...   4.5
test6.in                         ....................... passed ...   4.5
test7.in                         ....................... passed ...   4.5
test8.in                         ....................... passed ...   4.5
test9.in                         ....................... passed ...   4.5
test10.in                        ....................... passed ...   4.5
test11.in                        ....................... passed ...   4.5
test12.in                        ....................... passed ...   4.5
test13.in                        ....................... passed ...   4.5
test14.in                        ....................... passed ...   4.5
test15.in                        ....................... passed ...   4.5
test16.in                        ....................... passed ...   4.5
test17.in                        ....................... passed ...   4.5
test18.in                        ....................... passed ...   4.5
test19.in                        ....................... passed ...   4.5
test20.in                        ....................... passed ...   4.5

Checker:                                                              90/100
